// Jest Snapshot v1, https://goo.gl/fbAQLP

exports[`forgotPassword Snapshot renders correctly 1`] = `
<UsernameModal
  getBack={[Function]}
  handleCodeSent={[Function]}
  setUsername={[Function]}
  username=""
/>
`;
